[INFO] Scanning for projects...
[INFO] 
[INFO] --------------------< com.zhixue:zhixue-ai-backend >--------------------
[INFO] Building zhixue-ai-backend 1.0.0
[INFO] --------------------------------[ jar ]---------------------------------
[INFO] 
[INFO] >>> spring-boot-maven-plugin:2.7.18:run (default-cli) > test-compile @ zhixue-ai-backend >>>
[INFO] 
[INFO] --- maven-resources-plugin:3.2.0:resources (default-resources) @ zhixue-ai-backend ---
[INFO] Using 'UTF-8' encoding to copy filtered resources.
[INFO] Using 'UTF-8' encoding to copy filtered properties files.
[INFO] Copying 1 resource
[INFO] Copying 0 resource
[INFO] 
[INFO] --- maven-compiler-plugin:3.10.1:compile (default-compile) @ zhixue-ai-backend ---
[INFO] Changes detected - recompiling the module!
[INFO] Compiling 119 source files to D:\bs_finally\zhixue-ai-backend\target\classes
[INFO] 
[INFO] --- maven-resources-plugin:3.2.0:testResources (default-testResources) @ zhixue-ai-backend ---
[INFO] Using 'UTF-8' encoding to copy filtered resources.
[INFO] Using 'UTF-8' encoding to copy filtered properties files.
[INFO] skip non existing resourceDirectory D:\bs_finally\zhixue-ai-backend\src\test\resources
[INFO] 
[INFO] --- maven-compiler-plugin:3.10.1:testCompile (default-testCompile) @ zhixue-ai-backend ---
[INFO] No sources to compile
[INFO] 
[INFO] <<< spring-boot-maven-plugin:2.7.18:run (default-cli) < test-compile @ zhixue-ai-backend <<<
[INFO] 
[INFO] 
[INFO] --- spring-boot-maven-plugin:2.7.18:run (default-cli) @ zhixue-ai-backend ---
[INFO] Attaching agents: []

  .   ____          _            __ _ _
 /\\ / ___'_ __ _ _(_)_ __  __ _ \ \ \ \
( ( )\___ | '_ | '_| | '_ \/ _` | \ \ \ \
 \\/  ___)| |_)| | | | | || (_| |  ) ) ) )
  '  |____| .__|_| |_|_| |_\__, | / / / /
 =========|_|==============|___/=/_/_/_/
 :: Spring Boot ::               (v2.7.18)

2026-08-12 17:53:31.638  INFO 20188 --- [           main] com.zhixue.ai.ZhixueAiApplication        : Starting ZhixueAiApplication using Java 11.0.6 on WIN-BASRU4J68C3 with PID 20188 (D:\bs_finally\zhixue-ai-backend\target\classes started by Administrator in D:\bs_finally\zhixue-ai-backend)
2026-08-12 17:53:31.640 DEBUG 20188 --- [           main] com.zhixue.ai.ZhixueAiApplication        : Running with Spring Boot v2.7.18, Spring v5.3.31
2026-08-12 17:53:31.640  INFO 20188 --- [           main] com.zhixue.ai.ZhixueAiApplication        : No active profile set, falling back to 1 default profile: "default"
2026-08-12 17:53:32.790  INFO 20188 --- [           main] o.s.b.w.embedded.tomcat.TomcatWebServer  : Tomcat initialized with port(s): 9000 (http)
2026-08-12 17:53:32.795  INFO 20188 --- [           main] o.apache.catalina.core.StandardService   : Starting service [Tomcat]
2026-08-12 17:53:32.795  INFO 20188 --- [           main] org.apache.catalina.core.StandardEngine  : Starting Servlet engine: [Apache Tomcat/9.0.83]
2026-08-12 17:53:32.874  INFO 20188 --- [           main] o.a.c.c.C.[Tomcat].[localhost].[/]       : Initializing Spring embedded WebApplicationContext
2026-08-12 17:53:32.874  INFO 20188 --- [           main] w.s.c.ServletWebServerApplicationContext : Root WebApplicationContext: initialization completed in 1208 ms
Logging initialized using 'class org.apache.ibatis.logging.stdout.StdOutImpl' adapter.
Initialization Sequence datacenterId:19 workerId:11
 _ _   |_  _ _|_. ___ _ |    _ 
| | |\/|_)(_| | |_\  |_)||_|_\ 
     /               |         
                        3.5.5 
2026-08-12 17:53:33.489 DEBUG 20188 --- [           main] c.z.ai.security.JwtAuthenticationFilter  : Filter 'jwtAuthenticationFilter' configured for use
2026-08-12 17:53:33.926  INFO 20188 --- [           main] o.s.s.web.DefaultSecurityFilterChain     : Will secure any request with [org.springframework.security.web.session.DisableEncodeUrlFilter@4b87760e, org.springframework.security.web.context.request.async.WebAsyncManagerIntegrationFilter@be164d8, org.springframework.security.web.context.SecurityContextPersistenceFilter@372461a9, org.springframework.security.web.header.HeaderWriterFilter@c4d2c44, org.springframework.web.filter.CorsFilter@1095d23a, org.springframework.security.web.authentication.logout.LogoutFilter@25974207, com.zhixue.ai.security.JwtAuthenticationFilter@71aaf151, org.springframework.security.web.savedrequest.RequestCacheAwareFilter@48cb2d73, org.springframework.security.web.servletapi.SecurityContextHolderAwareRequestFilter@243bf087, org.springframework.security.web.authentication.AnonymousAuthenticationFilter@1b24ea2a, org.springframework.security.web.session.SessionManagementFilter@7ce29a2d, org.springframework.security.web.access.ExceptionTranslationFilter@1625789b, org.springframework.security.web.access.intercept.FilterSecurityInterceptor@5edc3e29]
2026-08-12 17:53:35.065  INFO 20188 --- [           main] o.s.b.w.embedded.tomcat.TomcatWebServer  : Tomcat started on port(s): 9000 (http) with context path ''
2026-08-12 17:53:35.103  INFO 20188 --- [           main] com.zhixue.ai.ZhixueAiApplication        : Started ZhixueAiApplication in 3.696 seconds (JVM running for 4.048)

========================================
  智学AI学习测评系统 启动成功
  访问地址: http://localhost:8080
========================================
2026-08-12 17:54:14.264  INFO 20188 --- [nio-9000-exec-1] o.a.c.c.C.[Tomcat].[localhost].[/]       : Initializing Spring DispatcherServlet 'dispatcherServlet'
2026-08-12 17:54:14.266  INFO 20188 --- [nio-9000-exec-1] o.s.web.servlet.DispatcherServlet        : Initializing Servlet 'dispatcherServlet'
2026-08-12 17:54:14.270  INFO 20188 --- [nio-9000-exec-1] o.s.web.servlet.DispatcherServlet        : Completed initialization in 3 ms
Creating a new SqlSession
SqlSession [org.apache.ibatis.session.defaults.DefaultSqlSession@379339ea] was not registered for synchronization because synchronization is not active
2026-08-12 17:54:14.567  INFO 20188 --- [nio-9000-exec-1] com.zaxxer.hikari.HikariDataSource       : HikariPool-1 - Starting...
2026-08-12 17:54:14.964  INFO 20188 --- [nio-9000-exec-1] com.zaxxer.hikari.HikariDataSource       : HikariPool-1 - Start completed.
JDBC Connection [HikariProxyConnection@1740951302 wrapping com.mysql.cj.jdbc.ConnectionImpl@4fc709ab] will not be managed by Spring
==>  Preparing: SELECT id,username,password,real_name,role_id,class_id,status,avatar,phone,email,grade_level,last_login,create_time,update_time,deleted FROM sys_user WHERE id=? AND deleted=0
==> Parameters: 11(Long)
<==    Columns: id, username, password, real_name, role_id, class_id, status, avatar, phone, email, grade_level, last_login, create_time, update_time, deleted
<==        Row: 11, student01, $2a$10$GkNy7UyBquJhWj6953GnrOBtzsSLA3YVgMT4Cdd1EQ1fQPw6xYUsS, 学生01, 4, 1, 1, null, null, null, 1, 2026-08-12 17:33:39, 2026-07-30 17:29:45, 2026-08-12 17:33:39, 0
<==      Total: 1
Closing non transactional SqlSession [org.apache.ibatis.session.defaults.DefaultSqlSession@379339ea]
Creating a new SqlSession
SqlSession [org.apache.ibatis.session.defaults.DefaultSqlSession@2524fc39] was not registered for synchronization because synchronization is not active
JDBC Connection [HikariProxyConnection@1258417564 wrapping com.mysql.cj.jdbc.ConnectionImpl@4fc709ab] will not be managed by Spring
==>  Preparing: SELECT id,role_code,role_name,description,create_time FROM sys_role WHERE id=?
==> Parameters: 4(Long)
<==    Columns: id, role_code, role_name, description, create_time
<==        Row: 4, STUDENT, 学生, 学习与作答, 2026-07-30 17:29:45
<==      Total: 1
Closing non transactional SqlSession [org.apache.ibatis.session.defaults.DefaultSqlSession@2524fc39]
Creating a new SqlSession
SqlSession [org.apache.ibatis.session.defaults.DefaultSqlSession@3b28884a] was not registered for synchronization because synchronization is not active
JDBC Connection [HikariProxyConnection@364518545 wrapping com.mysql.cj.jdbc.ConnectionImpl@4fc709ab] will not be managed by Spring
==>  Preparing: SELECT id FROM user_check_in WHERE user_id = ? AND check_in_date = ? LIMIT 1
==> Parameters: 11(Long), 2026-08-12(LocalDate)
<==      Total: 0
Closing non transactional SqlSession [org.apache.ibatis.session.defaults.DefaultSqlSession@3b28884a]
Creating a new SqlSession
SqlSession [org.apache.ibatis.session.defaults.DefaultSqlSession@6d672d5e] was not registered for synchronization because synchronization is not active
JDBC Connection [HikariProxyConnection@1807912025 wrapping com.mysql.cj.jdbc.ConnectionImpl@4fc709ab] will not be managed by Spring
==>  Preparing: SELECT * FROM user_check_in WHERE user_id = ? ORDER BY check_in_date DESC LIMIT 1
==> Parameters: 11(Long)
<==      Total: 0
Closing non transactional SqlSession [org.apache.ibatis.session.defaults.DefaultSqlSession@6d672d5e]
Creating a new SqlSession
SqlSession [org.apache.ibatis.session.defaults.DefaultSqlSession@7b7b3b10] was not registered for synchronization because synchronization is not active
JDBC Connection [HikariProxyConnection@485239322 wrapping com.mysql.cj.jdbc.ConnectionImpl@4fc709ab] will not be managed by Spring
==>  Preparing: SELECT id,user_id,check_in_date,continuous_days,total_points,reward_badge,create_time FROM user_check_in WHERE (user_id = ? AND reward_badge IS NOT NULL)
==> Parameters: 11(Long)
<==      Total: 0
Closing non transactional SqlSession [org.apache.ibatis.session.defaults.DefaultSqlSession@7b7b3b10]
2026-08-12 17:54:18.025 ERROR 20188 --- [nio-9000-exec-2] c.z.a.c.e.GlobalExceptionHandler         : 系统异常

org.springframework.web.HttpRequestMethodNotSupportedException: Request method 'GET' not supported
	at org.springframework.web.servlet.mvc.method.RequestMappingInfoHandlerMapping.handleNoMatch(RequestMappingInfoHandlerMapping.java:260) ~[spring-webmvc-5.3.31.jar:5.3.31]
	at org.springframework.web.servlet.handler.AbstractHandlerMethodMapping.lookupHandlerMethod(AbstractHandlerMethodMapping.java:442) ~[spring-webmvc-5.3.31.jar:5.3.31]
	at org.springframework.web.servlet.handler.AbstractHandlerMethodMapping.getHandlerInternal(AbstractHandlerMethodMapping.java:383) ~[spring-webmvc-5.3.31.jar:5.3.31]
	at org.springframework.web.servlet.mvc.method.RequestMappingInfoHandlerMapping.getHandlerInternal(RequestMappingInfoHandlerMapping.java:125) ~[spring-webmvc-5.3.31.jar:5.3.31]
	at org.springframework.web.servlet.mvc.method.RequestMappingInfoHandlerMapping.getHandlerInternal(RequestMappingInfoHandlerMapping.java:67) ~[spring-webmvc-5.3.31.jar:5.3.31]
	at org.springframework.web.servlet.handler.AbstractHandlerMapping.getHandler(AbstractHandlerMapping.java:498) ~[spring-webmvc-5.3.31.jar:5.3.31]
	at org.springframework.web.servlet.DispatcherServlet.getHandler(DispatcherServlet.java:1266) ~[spring-webmvc-5.3.31.jar:5.3.31]
	at org.springframework.web.servlet.DispatcherServlet.doDispatch(DispatcherServlet.java:1048) ~[spring-webmvc-5.3.31.jar:5.3.31]
	at org.springframework.web.servlet.DispatcherServlet.doService(DispatcherServlet.java:965) ~[spring-webmvc-5.3.31.jar:5.3.31]
	at org.springframework.web.servlet.FrameworkServlet.processRequest(FrameworkServlet.java:1006) ~[spring-webmvc-5.3.31.jar:5.3.31]
	at org.springframework.web.servlet.FrameworkServlet.doGet(FrameworkServlet.java:898) ~[spring-webmvc-5.3.31.jar:5.3.31]
	at javax.servlet.http.HttpServlet.service(HttpServlet.java:529) ~[tomcat-embed-core-9.0.83.jar:4.0.FR]
	at org.springframework.web.servlet.FrameworkServlet.service(FrameworkServlet.java:883) ~[spring-webmvc-5.3.31.jar:5.3.31]
	at javax.servlet.http.HttpServlet.service(HttpServlet.java:623) ~[tomcat-embed-core-9.0.83.jar:4.0.FR]
	at org.apache.catalina.core.ApplicationFilterChain.internalDoFilter(ApplicationFilterChain.java:209) ~[tomcat-embed-core-9.0.83.jar:9.0.83]
	at org.apache.catalina.core.ApplicationFilterChain.doFilter(ApplicationFilterChain.java:153) ~[tomcat-embed-core-9.0.83.jar:9.0.83]
	at org.apache.tomcat.websocket.server.WsFilter.doFilter(WsFilter.java:51) ~[tomcat-embed-websocket-9.0.83.jar:9.0.83]
	at org.apache.catalina.core.ApplicationFilterChain.internalDoFilter(ApplicationFilterChain.java:178) ~[tomcat-embed-core-9.0.83.jar:9.0.83]
	at org.apache.catalina.core.ApplicationFilterChain.doFilter(ApplicationFilterChain.java:153) ~[tomcat-embed-core-9.0.83.jar:9.0.83]
	at org.springframework.web.filter.OncePerRequestFilter.doFilter(OncePerRequestFilter.java:111) ~[spring-web-5.3.31.jar:5.3.31]
	at org.apache.catalina.core.ApplicationFilterChain.internalDoFilter(ApplicationFilterChain.java:178) ~[tomcat-embed-core-9.0.83.jar:9.0.83]
	at org.apache.catalina.core.ApplicationFilterChain.doFilter(ApplicationFilterChain.java:153) ~[tomcat-embed-core-9.0.83.jar:9.0.83]
	at org.springframework.web.filter.OncePerRequestFilter.doFilter(OncePerRequestFilter.java:111) ~[spring-web-5.3.31.jar:5.3.31]
	at org.apache.catalina.core.ApplicationFilterChain.internalDoFilter(ApplicationFilterChain.java:178) ~[tomcat-embed-core-9.0.83.jar:9.0.83]
	at org.apache.catalina.core.ApplicationFilterChain.doFilter(ApplicationFilterChain.java:153) ~[tomcat-embed-core-9.0.83.jar:9.0.83]
	at org.springframework.security.web.FilterChainProxy$VirtualFilterChain.doFilter(FilterChainProxy.java:337) ~[spring-security-web-5.7.11.jar:5.7.11]
	at org.springframework.security.web.access.intercept.FilterSecurityInterceptor.invoke(FilterSecurityInterceptor.java:115) ~[spring-security-web-5.7.11.jar:5.7.11]
	at org.springframework.security.web.access.intercept.FilterSecurityInterceptor.doFilter(FilterSecurityInterceptor.java:81) ~[spring-security-web-5.7.11.jar:5.7.11]
	at org.springframework.security.web.FilterChainProxy$VirtualFilterChain.doFilter(FilterChainProxy.java:346) ~[spring-security-web-5.7.11.jar:5.7.11]
	at org.springframework.security.web.access.ExceptionTranslationFilter.doFilter(ExceptionTranslationFilter.java:122) ~[spring-security-web-5.7.11.jar:5.7.11]
	at org.springframework.security.web.access.ExceptionTranslationFilter.doFilter(ExceptionTranslationFilter.java:116) ~[spring-security-web-5.7.11.jar:5.7.11]
	at org.springframework.security.web.FilterChainProxy$VirtualFilterChain.doFilter(FilterChainProxy.java:346) ~[spring-security-web-5.7.11.jar:5.7.11]
	at org.springframework.security.web.session.SessionManagementFilter.doFilter(SessionManagementFilter.java:126) ~[spring-security-web-5.7.11.jar:5.7.11]
	at org.springframework.security.web.session.SessionManagementFilter.doFilter(SessionManagementFilter.java:81) ~[spring-security-web-5.7.11.jar:5.7.11]
	at org.springframework.security.web.FilterChainProxy$VirtualFilterChain.doFilter(FilterChainProxy.java:346) ~[spring-security-web-5.7.11.jar:5.7.11]
	at org.springframework.security.web.authentication.AnonymousAuthenticationFilter.doFilter(AnonymousAuthenticationFilter.java:109) ~[spring-security-web-5.7.11.jar:5.7.11]
	at org.springframework.security.web.FilterChainProxy$VirtualFilterChain.doFilter(FilterChainProxy.java:346) ~[spring-security-web-5.7.11.jar:5.7.11]
	at org.springframework.security.web.servletapi.SecurityContextHolderAwareRequestFilter.doFilter(SecurityContextHolderAwareRequestFilter.java:149) ~[spring-security-web-5.7.11.jar:5.7.11]
	at org.springframework.security.web.FilterChainProxy$VirtualFilterChain.doFilter(FilterChainProxy.java:346) ~[spring-security-web-5.7.11.jar:5.7.11]
	at org.springframework.security.web.savedrequest.RequestCacheAwareFilter.doFilter(RequestCacheAwareFilter.java:63) ~[spring-security-web-5.7.11.jar:5.7.11]
	at org.springframework.security.web.FilterChainProxy$VirtualFilterChain.doFilter(FilterChainProxy.java:346) ~[spring-security-web-5.7.11.jar:5.7.11]
	at com.zhixue.ai.security.JwtAuthenticationFilter.doFilterInternal(JwtAuthenticationFilter.java:57) ~[classes/:na]
	at org.springframework.web.filter.OncePerRequestFilter.doFilter(OncePerRequestFilter.java:117) ~[spring-web-5.3.31.jar:5.3.31]
	at org.springframework.security.web.FilterChainProxy$VirtualFilterChain.doFilter(FilterChainProxy.java:346) ~[spring-security-web-5.7.11.jar:5.7.11]
	at org.springframework.security.web.authentication.logout.LogoutFilter.doFilter(LogoutFilter.java:103) ~[spring-security-web-5.7.11.jar:5.7.11]
	at org.springframework.security.web.authentication.logout.LogoutFilter.doFilter(LogoutFilter.java:89) ~[spring-security-web-5.7.11.jar:5.7.11]
	at org.springframework.security.web.FilterChainProxy$VirtualFilterChain.doFilter(FilterChainProxy.java:346) ~[spring-security-web-5.7.11.jar:5.7.11]
	at org.springframework.web.filter.CorsFilter.doFilterInternal(CorsFilter.java:91) ~[spring-web-5.3.31.jar:5.3.31]
	at org.springframework.web.filter.OncePerRequestFilter.doFilter(OncePerRequestFilter.java:117) ~[spring-web-5.3.31.jar:5.3.31]
	at org.springframework.security.web.FilterChainProxy$VirtualFilterChain.doFilter(FilterChainProxy.java:346) ~[spring-security-web-5.7.11.jar:5.7.11]
	at org.springframework.security.web.header.HeaderWriterFilter.doHeadersAfter(HeaderWriterFilter.java:90) ~[spring-security-web-5.7.11.jar:5.7.11]
	at org.springframework.security.web.header.HeaderWriterFilter.doFilterInternal(HeaderWriterFilter.java:75) ~[spring-security-web-5.7.11.jar:5.7.11]
	at org.springframework.web.filter.OncePerRequestFilter.doFilter(OncePerRequestFilter.java:117) ~[spring-web-5.3.31.jar:5.3.31]
	at org.springframework.security.web.FilterChainProxy$VirtualFilterChain.doFilter(FilterChainProxy.java:346) ~[spring-security-web-5.7.11.jar:5.7.11]
	at org.springframework.security.web.context.SecurityContextPersistenceFilter.doFilter(SecurityContextPersistenceFilter.java:112) ~[spring-security-web-5.7.11.jar:5.7.11]
	at org.springframework.security.web.context.SecurityContextPersistenceFilter.doFilter(SecurityContextPersistenceFilter.java:82) ~[spring-security-web-5.7.11.jar:5.7.11]
	at org.springframework.security.web.FilterChainProxy$VirtualFilterChain.doFilter(FilterChainProxy.java:346) ~[spring-security-web-5.7.11.jar:5.7.11]
	at org.springframework.security.web.context.request.async.WebAsyncManagerIntegrationFilter.doFilterInternal(WebAsyncManagerIntegrationFilter.java:55) ~[spring-security-web-5.7.11.jar:5.7.11]
	at org.springframework.web.filter.OncePerRequestFilter.doFilter(OncePerRequestFilter.java:117) ~[spring-web-5.3.31.jar:5.3.31]
	at org.springframework.security.web.FilterChainProxy$VirtualFilterChain.doFilter(FilterChainProxy.java:346) ~[spring-security-web-5.7.11.jar:5.7.11]
	at org.springframework.security.web.session.DisableEncodeUrlFilter.doFilterInternal(DisableEncodeUrlFilter.java:42) ~[spring-security-web-5.7.11.jar:5.7.11]
	at org.springframework.web.filter.OncePerRequestFilter.doFilter(OncePerRequestFilter.java:117) ~[spring-web-5.3.31.jar:5.3.31]
	at org.springframework.security.web.FilterChainProxy$VirtualFilterChain.doFilter(FilterChainProxy.java:346) ~[spring-security-web-5.7.11.jar:5.7.11]
	at org.springframework.security.web.FilterChainProxy.doFilterInternal(FilterChainProxy.java:221) ~[spring-security-web-5.7.11.jar:5.7.11]
	at org.springframework.security.web.FilterChainProxy.doFilter(FilterChainProxy.java:186) ~[spring-security-web-5.7.11.jar:5.7.11]
	at org.springframework.web.filter.DelegatingFilterProxy.invokeDelegate(DelegatingFilterProxy.java:354) ~[spring-web-5.3.31.jar:5.3.31]
	at org.springframework.web.filter.DelegatingFilterProxy.doFilter(DelegatingFilterProxy.java:267) ~[spring-web-5.3.31.jar:5.3.31]
	at org.apache.catalina.core.ApplicationFilterChain.internalDoFilter(ApplicationFilterChain.java:178) ~[tomcat-embed-core-9.0.83.jar:9.0.83]
	at org.apache.catalina.core.ApplicationFilterChain.doFilter(ApplicationFilterChain.java:153) ~[tomcat-embed-core-9.0.83.jar:9.0.83]
	at org.springframework.web.filter.RequestContextFilter.doFilterInternal(RequestContextFilter.java:100) ~[spring-web-5.3.31.jar:5.3.31]
	at org.springframework.web.filter.OncePerRequestFilter.doFilter(OncePerRequestFilter.java:117) ~[spring-web-5.3.31.jar:5.3.31]
	at org.apache.catalina.core.ApplicationFilterChain.internalDoFilter(ApplicationFilterChain.java:178) ~[tomcat-embed-core-9.0.83.jar:9.0.83]
	at org.apache.catalina.core.ApplicationFilterChain.doFilter(ApplicationFilterChain.java:153) ~[tomcat-embed-core-9.0.83.jar:9.0.83]
	at org.springframework.web.filter.FormContentFilter.doFilterInternal(FormContentFilter.java:93) ~[spring-web-5.3.31.jar:5.3.31]
	at org.springframework.web.filter.OncePerRequestFilter.doFilter(OncePerRequestFilter.java:117) ~[spring-web-5.3.31.jar:5.3.31]
	at org.apache.catalina.core.ApplicationFilterChain.internalDoFilter(ApplicationFilterChain.java:178) ~[tomcat-embed-core-9.0.83.jar:9.0.83]
	at org.apache.catalina.core.ApplicationFilterChain.doFilter(ApplicationFilterChain.java:153) ~[tomcat-embed-core-9.0.83.jar:9.0.83]
	at org.springframework.web.filter.CharacterEncodingFilter.doFilterInternal(CharacterEncodingFilter.java:201) ~[spring-web-5.3.31.jar:5.3.31]
	at org.springframework.web.filter.OncePerRequestFilter.doFilter(OncePerRequestFilter.java:117) ~[spring-web-5.3.31.jar:5.3.31]
	at org.apache.catalina.core.ApplicationFilterChain.internalDoFilter(ApplicationFilterChain.java:178) ~[tomcat-embed-core-9.0.83.jar:9.0.83]
	at org.apache.catalina.core.ApplicationFilterChain.doFilter(ApplicationFilterChain.java:153) ~[tomcat-embed-core-9.0.83.jar:9.0.83]
	at org.apache.catalina.core.StandardWrapperValve.invoke(StandardWrapperValve.java:168) ~[tomcat-embed-core-9.0.83.jar:9.0.83]
	at org.apache.catalina.core.StandardContextValve.invoke(StandardContextValve.java:90) ~[tomcat-embed-core-9.0.83.jar:9.0.83]
	at org.apache.catalina.authenticator.AuthenticatorBase.invoke(AuthenticatorBase.java:481) ~[tomcat-embed-core-9.0.83.jar:9.0.83]
	at org.apache.catalina.core.StandardHostValve.invoke(StandardHostValve.java:130) ~[tomcat-embed-core-9.0.83.jar:9.0.83]
	at org.apache.catalina.valves.ErrorReportValve.invoke(ErrorReportValve.java:93) ~[tomcat-embed-core-9.0.83.jar:9.0.83]
	at org.apache.catalina.core.StandardEngineValve.invoke(StandardEngineValve.java:74) ~[tomcat-embed-core-9.0.83.jar:9.0.83]
	at org.apache.catalina.connector.CoyoteAdapter.service(CoyoteAdapter.java:342) ~[tomcat-embed-core-9.0.83.jar:9.0.83]
	at org.apache.coyote.http11.Http11Processor.service(Http11Processor.java:390) ~[tomcat-embed-core-9.0.83.jar:9.0.83]
	at org.apache.coyote.AbstractProcessorLight.process(AbstractProcessorLight.java:63) ~[tomcat-embed-core-9.0.83.jar:9.0.83]
	at org.apache.coyote.AbstractProtocol$ConnectionHandler.process(AbstractProtocol.java:928) ~[tomcat-embed-core-9.0.83.jar:9.0.83]
	at org.apache.tomcat.util.net.NioEndpoint$SocketProcessor.doRun(NioEndpoint.java:1794) ~[tomcat-embed-core-9.0.83.jar:9.0.83]
	at org.apache.tomcat.util.net.SocketProcessorBase.run(SocketProcessorBase.java:52) ~[tomcat-embed-core-9.0.83.jar:9.0.83]
	at org.apache.tomcat.util.threads.ThreadPoolExecutor.runWorker(ThreadPoolExecutor.java:1191) ~[tomcat-embed-core-9.0.83.jar:9.0.83]
	at org.apache.tomcat.util.threads.ThreadPoolExecutor$Worker.run(ThreadPoolExecutor.java:659) ~[tomcat-embed-core-9.0.83.jar:9.0.83]
	at org.apache.tomcat.util.threads.TaskThread$WrappingRunnable.run(TaskThread.java:61) ~[tomcat-embed-core-9.0.83.jar:9.0.83]
	at java.base/java.lang.Thread.run(Thread.java:834) ~[na:na]

Creating a new SqlSession
SqlSession [org.apache.ibatis.session.defaults.DefaultSqlSession@5badd1d3] was not registered for synchronization because synchronization is not active
JDBC Connection [HikariProxyConnection@2063929308 wrapping com.mysql.cj.jdbc.ConnectionImpl@4fc709ab] will not be managed by Spring
==>  Preparing: SELECT id,username,password,real_name,role_id,class_id,status,avatar,phone,email,grade_level,last_login,create_time,update_time,deleted FROM sys_user WHERE id=? AND deleted=0
==> Parameters: 11(Long)
<==    Columns: id, username, password, real_name, role_id, class_id, status, avatar, phone, email, grade_level, last_login, create_time, update_time, deleted
<==        Row: 11, student01, $2a$10$GkNy7UyBquJhWj6953GnrOBtzsSLA3YVgMT4Cdd1EQ1fQPw6xYUsS, 学生01, 4, 1, 1, null, null, null, 1, 2026-08-12 17:33:39, 2026-07-30 17:29:45, 2026-08-12 17:33:39, 0
<==      Total: 1
Closing non transactional SqlSession [org.apache.ibatis.session.defaults.DefaultSqlSession@5badd1d3]
Creating a new SqlSession
SqlSession [org.apache.ibatis.session.defaults.DefaultSqlSession@620fab0] was not registered for synchronization because synchronization is not active
JDBC Connection [HikariProxyConnection@867602670 wrapping com.mysql.cj.jdbc.ConnectionImpl@4fc709ab] will not be managed by Spring
==>  Preparing: SELECT id,role_code,role_name,description,create_time FROM sys_role WHERE id=?
==> Parameters: 4(Long)
<==    Columns: id, role_code, role_name, description, create_time
<==        Row: 4, STUDENT, 学生, 学习与作答, 2026-07-30 17:29:45
<==      Total: 1
Closing non transactional SqlSession [org.apache.ibatis.session.defaults.DefaultSqlSession@620fab0]
Creating a new SqlSession
SqlSession [org.apache.ibatis.session.defaults.DefaultSqlSession@72c2137c] was not registered for synchronization because synchronization is not active
JDBC Connection [HikariProxyConnection@1658412229 wrapping com.mysql.cj.jdbc.ConnectionImpl@4fc709ab] will not be managed by Spring
==>  Preparing: SELECT id FROM user_check_in WHERE user_id = ? AND check_in_date = ? LIMIT 1
==> Parameters: 11(Long), 2026-08-12(LocalDate)
<==      Total: 0
Closing non transactional SqlSession [org.apache.ibatis.session.defaults.DefaultSqlSession@72c2137c]
Creating a new SqlSession
SqlSession [org.apache.ibatis.session.defaults.DefaultSqlSession@47827d9d] was not registered for synchronization because synchronization is not active
JDBC Connection [HikariProxyConnection@632934370 wrapping com.mysql.cj.jdbc.ConnectionImpl@4fc709ab] will not be managed by Spring
==>  Preparing: SELECT * FROM user_check_in WHERE user_id = ? ORDER BY check_in_date DESC LIMIT 1
==> Parameters: 11(Long)
<==      Total: 0
Closing non transactional SqlSession [org.apache.ibatis.session.defaults.DefaultSqlSession@47827d9d]
Creating a new SqlSession
SqlSession [org.apache.ibatis.session.defaults.DefaultSqlSession@3e8304d] was not registered for synchronization because synchronization is not active
JDBC Connection [HikariProxyConnection@1465043768 wrapping com.mysql.cj.jdbc.ConnectionImpl@4fc709ab] will not be managed by Spring
==>  Preparing: SELECT id,user_id,check_in_date,continuous_days,total_points,reward_badge,create_time FROM user_check_in WHERE (user_id = ? AND reward_badge IS NOT NULL)
==> Parameters: 11(Long)
<==      Total: 0
Closing non transactional SqlSession [org.apache.ibatis.session.defaults.DefaultSqlSession@3e8304d]
Creating a new SqlSession
SqlSession [org.apache.ibatis.session.defaults.DefaultSqlSession@9a317ba] was not registered for synchronization because synchronization is not active
JDBC Connection [HikariProxyConnection@2046527842 wrapping com.mysql.cj.jdbc.ConnectionImpl@4fc709ab] will not be managed by Spring
==>  Preparing: SELECT id,username,password,real_name,role_id,class_id,status,avatar,phone,email,grade_level,last_login,create_time,update_time,deleted FROM sys_user WHERE id=? AND deleted=0
==> Parameters: 11(Long)
<==    Columns: id, username, password, real_name, role_id, class_id, status, avatar, phone, email, grade_level, last_login, create_time, update_time, deleted
<==        Row: 11, student01, $2a$10$GkNy7UyBquJhWj6953GnrOBtzsSLA3YVgMT4Cdd1EQ1fQPw6xYUsS, 学生01, 4, 1, 1, null, null, null, 1, 2026-08-12 17:33:39, 2026-07-30 17:29:45, 2026-08-12 17:33:39, 0
<==      Total: 1
Closing non transactional SqlSession [org.apache.ibatis.session.defaults.DefaultSqlSession@9a317ba]
Creating a new SqlSession
SqlSession [org.apache.ibatis.session.defaults.DefaultSqlSession@7dd2fe13] was not registered for synchronization because synchronization is not active
JDBC Connection [HikariProxyConnection@677377062 wrapping com.mysql.cj.jdbc.ConnectionImpl@4fc709ab] will not be managed by Spring
==>  Preparing: SELECT id,role_code,role_name,description,create_time FROM sys_role WHERE id=?
==> Parameters: 4(Long)
<==    Columns: id, role_code, role_name, description, create_time
<==        Row: 4, STUDENT, 学生, 学习与作答, 2026-07-30 17:29:45
<==      Total: 1
Closing non transactional SqlSession [org.apache.ibatis.session.defaults.DefaultSqlSession@7dd2fe13]
Creating a new SqlSession
Registering transaction synchronization for SqlSession [org.apache.ibatis.session.defaults.DefaultSqlSession@7426079b]
JDBC Connection [HikariProxyConnection@235654167 wrapping com.mysql.cj.jdbc.ConnectionImpl@4fc709ab] will be managed by Spring
==>  Preparing: SELECT id,subject_id,question_type,difficulty,knowledge_point,content,options,standard_answer,score_point,analysis,full_score,creator_id,create_time,update_time,deleted FROM exam_question WHERE id=? AND deleted=0
==> Parameters: 6(Long)
<==    Columns: id, subject_id, question_type, difficulty, knowledge_point, content, options, standard_answer, score_point, analysis, full_score, creator_id, create_time, update_time, deleted
<==        Row: 6, 2, 1, 2, 函数, <<BLOB>>, <<BLOB>>, <<BLOB>>, <<BLOB>>, <<BLOB>>, 5.00, 4, 2026-07-30 17:29:45, 2026-07-30 17:29:45, 0
<==      Total: 1
Releasing transactional SqlSession [org.apache.ibatis.session.defaults.DefaultSqlSession@7426079b]
Fetched SqlSession [org.apache.ibatis.session.defaults.DefaultSqlSession@7426079b] from current transaction
==>  Preparing: SELECT id,student_id,question_id,paper_id,correct_id,error_type,knowledge_point,review_status,create_time,update_time FROM ai_error_book WHERE (student_id = ?)
==> Parameters: 11(Long)
<==    Columns: id, student_id, question_id, paper_id, correct_id, error_type, knowledge_point, review_status, create_time, update_time
<==        Row: 4, 11, 6, 4, 6, 3, 函数, 0, 2026-08-03 15:28:28, 2026-08-12 17:34:00
<==      Total: 1
Releasing transactional SqlSession [org.apache.ibatis.session.defaults.DefaultSqlSession@7426079b]
Fetched SqlSession [org.apache.ibatis.session.defaults.DefaultSqlSession@7426079b] from current transaction
==>  Preparing: INSERT INTO self_practice_record ( user_id, question_snapshot, total_count, correct_count, accuracy, duration_seconds, generate_source, create_time ) VALUES ( ?, ?, ?, ?, ?, ?, ?, ? )
==> Parameters: 11(Long), [{"id":6,"stem":"函数 f(x)=x?+1 在 x=2 时的值为:","type":1,"options":["{\"key\":\"A\",\"value\":\"3\"}","{\"key\":\"B\",\"value\":\"4\"}","{\"key\":\"C\",\"value\":\"5\"}","{\"key\":\"D\",\"value\":\"6\"}"],"correctAnswer":"C"}](String), 1(Integer), 0(Integer), 0.00(BigDecimal), 3(Integer), 错题生成(String), 2026-08-12T17:54:37.188196500(LocalDateTime)
<==    Updates: 1
Releasing transactional SqlSession [org.apache.ibatis.session.defaults.DefaultSqlSession@7426079b]
Transaction synchronization committing SqlSession [org.apache.ibatis.session.defaults.DefaultSqlSession@7426079b]
Transaction synchronization deregistering SqlSession [org.apache.ibatis.session.defaults.DefaultSqlSession@7426079b]
Transaction synchronization closing SqlSession [org.apache.ibatis.session.defaults.DefaultSqlSession@7426079b]
Creating a new SqlSession
SqlSession [org.apache.ibatis.session.defaults.DefaultSqlSession@575bae8e] was not registered for synchronization because synchronization is not active
Creating a new SqlSession
SqlSession [org.apache.ibatis.session.defaults.DefaultSqlSession@2a4e834a] was not registered for synchronization because synchronization is not active
JDBC Connection [HikariProxyConnection@834498267 wrapping com.mysql.cj.jdbc.ConnectionImpl@4fc709ab] will not be managed by Spring
JDBC Connection [HikariProxyConnection@2141791976 wrapping com.mysql.cj.jdbc.ConnectionImpl@21a3ae84] will not be managed by Spring
==>  Preparing: SELECT id,username,password,real_name,role_id,class_id,status,avatar,phone,email,grade_level,last_login,create_time,update_time,deleted FROM sys_user WHERE id=? AND deleted=0
Creating a new SqlSession
==>  Preparing: SELECT id,username,password,real_name,role_id,class_id,status,avatar,phone,email,grade_level,last_login,create_time,update_time,deleted FROM sys_user WHERE id=? AND deleted=0
SqlSession [org.apache.ibatis.session.defaults.DefaultSqlSession@3fedc26a] was not registered for synchronization because synchronization is not active
==> Parameters: 11(Long)
JDBC Connection [HikariProxyConnection@1123657026 wrapping com.mysql.cj.jdbc.ConnectionImpl@7e1be327] will not be managed by Spring
==>  Preparing: SELECT id,username,password,real_name,role_id,class_id,status,avatar,phone,email,grade_level,last_login,create_time,update_time,deleted FROM sys_user WHERE id=? AND deleted=0
==> Parameters: 11(Long)
==> Parameters: 11(Long)
<==    Columns: id, username, password, real_name, role_id, class_id, status, avatar, phone, email, grade_level, last_login, create_time, update_time, deleted
<==        Row: 11, student01, $2a$10$GkNy7UyBquJhWj6953GnrOBtzsSLA3YVgMT4Cdd1EQ1fQPw6xYUsS, 学生01, 4, 1, 1, null, null, null, 1, 2026-08-12 17:33:39, 2026-07-30 17:29:45, 2026-08-12 17:33:39, 0
<==      Total: 1
<==    Columns: id, username, password, real_name, role_id, class_id, status, avatar, phone, email, grade_level, last_login, create_time, update_time, deleted
<==    Columns: id, username, password, real_name, role_id, class_id, status, avatar, phone, email, grade_level, last_login, create_time, update_time, deleted
<==        Row: 11, student01, $2a$10$GkNy7UyBquJhWj6953GnrOBtzsSLA3YVgMT4Cdd1EQ1fQPw6xYUsS, 学生01, 4, 1, 1, null, null, null, 1, 2026-08-12 17:33:39, 2026-07-30 17:29:45, 2026-08-12 17:33:39, 0
<==        Row: 11, student01, $2a$10$GkNy7UyBquJhWj6953GnrOBtzsSLA3YVgMT4Cdd1EQ1fQPw6xYUsS, 学生01, 4, 1, 1, null, null, null, 1, 2026-08-12 17:33:39, 2026-07-30 17:29:45, 2026-08-12 17:33:39, 0
Closing non transactional SqlSession [org.apache.ibatis.session.defaults.DefaultSqlSession@575bae8e]
Creating a new SqlSession
SqlSession [org.apache.ibatis.session.defaults.DefaultSqlSession@7eb6ddad] was not registered for synchronization because synchronization is not active
<==      Total: 1
JDBC Connection [HikariProxyConnection@1427253643 wrapping com.mysql.cj.jdbc.ConnectionImpl@4fc709ab] will not be managed by Spring
<==      Total: 1
==>  Preparing: SELECT id,role_code,role_name,description,create_time FROM sys_role WHERE id=?
==> Parameters: 4(Long)
Closing non transactional SqlSession [org.apache.ibatis.session.defaults.DefaultSqlSession@3fedc26a]
Creating a new SqlSession
SqlSession [org.apache.ibatis.session.defaults.DefaultSqlSession@55e39e9f] was not registered for synchronization because synchronization is not active
Closing non transactional SqlSession [org.apache.ibatis.session.defaults.DefaultSqlSession@2a4e834a]
Creating a new SqlSession
SqlSession [org.apache.ibatis.session.defaults.DefaultSqlSession@58250524] was not registered for synchronization because synchronization is not active
JDBC Connection [HikariProxyConnection@834255536 wrapping com.mysql.cj.jdbc.ConnectionImpl@7e1be327] will not be managed by Spring
JDBC Connection [HikariProxyConnection@418670429 wrapping com.mysql.cj.jdbc.ConnectionImpl@21a3ae84] will not be managed by Spring
==>  Preparing: SELECT id,role_code,role_name,description,create_time FROM sys_role WHERE id=?
<==    Columns: id, role_code, role_name, description, create_time
==>  Preparing: SELECT id,role_code,role_name,description,create_time FROM sys_role WHERE id=?
==> Parameters: 4(Long)
<==        Row: 4, STUDENT, 学生, 学习与作答, 2026-07-30 17:29:45
==> Parameters: 4(Long)
<==      Total: 1
Closing non transactional SqlSession [org.apache.ibatis.session.defaults.DefaultSqlSession@7eb6ddad]
<==    Columns: id, role_code, role_name, description, create_time
<==    Columns: id, role_code, role_name, description, create_time
<==        Row: 4, STUDENT, 学生, 学习与作答, 2026-07-30 17:29:45
Creating a new SqlSession
<==        Row: 4, STUDENT, 学生, 学习与作答, 2026-07-30 17:29:45
SqlSession [org.apache.ibatis.session.defaults.DefaultSqlSession@3fa15e82] was not registered for synchronization because synchronization is not active
<==      Total: 1
JDBC Connection [HikariProxyConnection@2008196974 wrapping com.mysql.cj.jdbc.ConnectionImpl@4fc709ab] will not be managed by Spring
<==      Total: 1
Closing non transactional SqlSession [org.apache.ibatis.session.defaults.DefaultSqlSession@58250524]
==>  Preparing: SELECT id FROM user_check_in WHERE user_id = ? AND check_in_date = ? LIMIT 1
Closing non transactional SqlSession [org.apache.ibatis.session.defaults.DefaultSqlSession@55e39e9f]
==> Parameters: 11(Long), 2026-08-12(LocalDate)
<==      Total: 0
Closing non transactional SqlSession [org.apache.ibatis.session.defaults.DefaultSqlSession@3fa15e82]
Creating a new SqlSession
SqlSession [org.apache.ibatis.session.defaults.DefaultSqlSession@67def28f] was not registered for synchronization because synchronization is not active
JDBC Connection [HikariProxyConnection@1379853752 wrapping com.mysql.cj.jdbc.ConnectionImpl@4fc709ab] will not be managed by Spring
==>  Preparing: SELECT * FROM user_check_in WHERE user_id = ? ORDER BY check_in_date DESC LIMIT 1
==> Parameters: 11(Long)
Creating a new SqlSession
SqlSession [org.apache.ibatis.session.defaults.DefaultSqlSession@5e192ef9] was not registered for synchronization because synchronization is not active
<==      Total: 0
Closing non transactional SqlSession [org.apache.ibatis.session.defaults.DefaultSqlSession@67def28f]
Creating a new SqlSession
SqlSession [org.apache.ibatis.session.defaults.DefaultSqlSession@4739aab8] was not registered for synchronization because synchronization is not active
JDBC Connection [HikariProxyConnection@1371418145 wrapping com.mysql.cj.jdbc.ConnectionImpl@21a3ae84] will not be managed by Spring
==>  Preparing: SELECT id,user_id,question_snapshot,total_count,correct_count,accuracy,duration_seconds,generate_source,create_time FROM self_practice_record WHERE (user_id = ?) ORDER BY create_time DESC LIMIT 10
Creating a new SqlSession
SqlSession [org.apache.ibatis.session.defaults.DefaultSqlSession@19a95a16] was not registered for synchronization because synchronization is not active
==> Parameters: 11(Long)
JDBC Connection [HikariProxyConnection@1474523738 wrapping com.mysql.cj.jdbc.ConnectionImpl@4fc709ab] will not be managed by Spring
==>  Preparing: SELECT id,user_id,check_in_date,continuous_days,total_points,reward_badge,create_time FROM user_check_in WHERE (user_id = ? AND reward_badge IS NOT NULL)
==> Parameters: 11(Long)
JDBC Connection [HikariProxyConnection@1835865654 wrapping com.mysql.cj.jdbc.ConnectionImpl@7e1be327] will not be managed by Spring
==>  Preparing: SELECT id,subject_name,subject_code,grade_level,sort,create_time FROM sys_subject ORDER BY sort ASC
==> Parameters: 
<==    Columns: id, user_id, question_snapshot, total_count, correct_count, accuracy, duration_seconds, generate_source, create_time
<==        Row: 2, 11, <<BLOB>>, 1, 0, 0.00, 3, 错题生成, 2026-08-12 17:54:37
<==      Total: 0
Closing non transactional SqlSession [org.apache.ibatis.session.defaults.DefaultSqlSession@4739aab8]
<==        Row: 1, 11, <<BLOB>>, 1, 0, 0.00, 3, 错题生成, 2026-08-12 17:50:05
<==      Total: 2
Closing non transactional SqlSession [org.apache.ibatis.session.defaults.DefaultSqlSession@5e192ef9]
<==    Columns: id, subject_name, subject_code, grade_level, sort, create_time
<==        Row: 1, 语文, chinese, 0, 1, 2026-07-30 17:29:45
<==        Row: 2, 数学, math, 0, 2, 2026-07-30 17:29:45
<==        Row: 3, 英语, english, 0, 3, 2026-07-30 17:29:45
<==        Row: 4, 物理, physics, 2, 4, 2026-07-30 17:29:45
<==        Row: 5, 化学, chemistry, 2, 5, 2026-07-30 17:29:45
<==        Row: 9, 道德与法治, morality, 1, 10, 2026-08-03 16:16:04
<==        Row: 10, 科学, science, 1, 11, 2026-08-03 16:16:04
<==        Row: 11, 音乐, music, 1, 12, 2026-08-03 16:16:04
<==        Row: 12, 美术, art, 1, 13, 2026-08-03 16:16:04
<==        Row: 13, 体育, pe, 1, 14, 2026-08-03 16:16:04
<==        Row: 14, 信息技术, it, 1, 15, 2026-08-03 16:16:04
<==        Row: 15, 生物, biology, 2, 22, 2026-08-03 16:16:04
<==        Row: 16, 历史, history, 2, 23, 2026-08-03 16:16:04
<==        Row: 17, 地理, geography, 2, 24, 2026-08-03 16:16:04
<==        Row: 18, 政治, politics, 2, 25, 2026-08-03 16:16:04
<==        Row: 21, 通用技术, general_tech, 3, 30, 2026-08-03 16:16:04
<==      Total: 16
Closing non transactional SqlSession [org.apache.ibatis.session.defaults.DefaultSqlSession@19a95a16]
[INFO] ------------------------------------------------------------------------
[INFO] BUILD FAILURE
[INFO] ------------------------------------------------------------------------
[INFO] Total time:  03:34 min
[INFO] Finished at: 2026-08-12T17:56:38+08:00
[INFO] ------------------------------------------------------------------------
[ERROR] Failed to execute goal org.springframework.boot:spring-boot-maven-plugin:2.7.18:run (default-cli) on project zhixue-ai-backend: Application finished with exit code: 1 -> [Help 1]
[ERROR] 
[ERROR] To see the full stack trace of the errors, re-run Maven with the -e switch.
[ERROR] Re-run Maven using the -X switch to enable full debug logging.
[ERROR] 
[ERROR] For more information about the errors and possible solutions, please read the following articles:
[ERROR] [Help 1] http://cwiki.apache.org/confluence/display/MAVEN/MojoExecutionException
