[INFO] Scanning for projects...
[INFO] 
[INFO] --------------------< com.zhixue:zhixue-ai-backend >--------------------
[INFO] Building zhixue-ai-backend 1.0.0
[INFO] --------------------------------[ jar ]---------------------------------
[INFO] 
[INFO] --- maven-clean-plugin:3.2.0:clean (default-clean) @ zhixue-ai-backend ---
[INFO] Deleting D:\bs_finally\zhixue-ai-backend\target
[INFO] 
[INFO] --- maven-resources-plugin:3.2.0:resources (default-resources) @ zhixue-ai-backend ---
[INFO] Using 'UTF-8' encoding to copy filtered resources.
[INFO] Using 'UTF-8' encoding to copy filtered properties files.
[INFO] Copying 1 resource
[INFO] Copying 0 resource
[INFO] 
[INFO] --- maven-compiler-plugin:3.10.1:compile (default-compile) @ zhixue-ai-backend ---
[INFO] Changes detected - recompiling the module!
[INFO] Compiling 119 source files to D:\bs_finally\zhixue-ai-backend\target\classes
[INFO] -------------------------------------------------------------
[ERROR] COMPILATION ERROR : 
[INFO] -------------------------------------------------------------
[ERROR] /D:/bs_finally/zhixue-ai-backend/src/main/java/com/zhixue/ai/module/ai/engine/LocalRuleAiServiceProvider.java:[14,8] com.zhixue.ai.module.ai.engine.LocalRuleAiServiceProvider不是抽象的, 并且未覆盖com.zhixue.ai.module.ai.engine.AiServiceProvider中的抽象方法tutorAnswerWithImages(java.lang.String,java.lang.String,java.util.List<java.lang.String>)
[ERROR] /D:/bs_finally/zhixue-ai-backend/src/main/java/com/zhixue/ai/module/ai/engine/ApiAiServiceProvider.java:[24,8] com.zhixue.ai.module.ai.engine.ApiAiServiceProvider不是抽象的, 并且未覆盖com.zhixue.ai.module.ai.engine.AiServiceProvider中的抽象方法tutorAnswerWithImages(java.lang.String,java.lang.String,java.util.List<java.lang.String>)
[INFO] 2 errors 
[INFO] -------------------------------------------------------------
[INFO] ------------------------------------------------------------------------
[INFO] BUILD FAILURE
[INFO] ------------------------------------------------------------------------
[INFO] Total time:  6.744 s
[INFO] Finished at: 2026-08-07T17:00:18+08:00
[INFO] ------------------------------------------------------------------------
[ERROR] Failed to execute goal org.apache.maven.plugins:maven-compiler-plugin:3.10.1:compile (default-compile) on project zhixue-ai-backend: Compilation failure: Compilation failure: 
[ERROR] /D:/bs_finally/zhixue-ai-backend/src/main/java/com/zhixue/ai/module/ai/engine/LocalRuleAiServiceProvider.java:[14,8] com.zhixue.ai.module.ai.engine.LocalRuleAiServiceProvider不是抽象的, 并且未覆盖com.zhixue.ai.module.ai.engine.AiServiceProvider中的抽象方法tutorAnswerWithImages(java.lang.String,java.lang.String,java.util.List<java.lang.String>)
[ERROR] /D:/bs_finally/zhixue-ai-backend/src/main/java/com/zhixue/ai/module/ai/engine/ApiAiServiceProvider.java:[24,8] com.zhixue.ai.module.ai.engine.ApiAiServiceProvider不是抽象的, 并且未覆盖com.zhixue.ai.module.ai.engine.AiServiceProvider中的抽象方法tutorAnswerWithImages(java.lang.String,java.lang.String,java.util.List<java.lang.String>)
[ERROR] -> [Help 1]
[ERROR] 
[ERROR] To see the full stack trace of the errors, re-run Maven with the -e switch.
[ERROR] Re-run Maven using the -X switch to enable full debug logging.
[ERROR] 
[ERROR] For more information about the errors and possible solutions, please read the following articles:
[ERROR] [Help 1] http://cwiki.apache.org/confluence/display/MAVEN/MojoFailureException
